[02-Jul-2026 01:16:47 UTC] PHP Notice:  Undefined variable: courseScheduleJson in D:\git_kraken\register_form\index.php on line 2392
[02-Jul-2026 01:16:51 UTC] PHP Notice:  Undefined variable: courseScheduleJson in D:\git_kraken\register_form\index.php on line 2392
[02-Jul-2026 04:45:57 UTC] PHP Warning:  mysqli::__construct(): The server requested authentication method unknown to the client [caching_sha2_password] in D:\git_kraken\register_form\temp.php on line 3
[02-Jul-2026 04:45:57 UTC] PHP Warning:  mysqli::__construct(): (HY000/2054): The server requested authentication method unknown to the client in D:\git_kraken\register_form\temp.php on line 3
[02-Jul-2026 04:45:57 UTC] PHP Warning:  mysqli::query(): Couldn't fetch mysqli in D:\git_kraken\register_form\temp.php on line 4
[02-Jul-2026 04:45:57 UTC] PHP Fatal error:  Uncaught Error: Call to a member function fetch_array() on bool in D:\git_kraken\register_form\temp.php:5
Stack trace:
#0 {main}
  thrown in D:\git_kraken\register_form\temp.php on line 5
[02-Jul-2026 04:46:18 UTC] PHP Warning:  mysqli::__construct(): The server requested authentication method unknown to the client [caching_sha2_password] in D:\git_kraken\register_form\temp.php on line 5
[02-Jul-2026 04:46:18 UTC] PHP Warning:  mysqli::__construct(): (HY000/2054): The server requested authentication method unknown to the client in D:\git_kraken\register_form\temp.php on line 5
[02-Jul-2026 06:08:15 UTC] PHP Warning:  mysqli::__construct(): The server requested authentication method unknown to the client [caching_sha2_password] in D:\git_kraken\register_form\admin\report_remarks.php on line 5
[02-Jul-2026 06:08:15 UTC] PHP Warning:  mysqli::__construct(): (HY000/2054): The server requested authentication method unknown to the client in D:\git_kraken\register_form\admin\report_remarks.php on line 5
[02-Jul-2026 06:37:51 UTC] PHP Notice:  Undefined index: name in D:\git_kraken\register_form\temp.php on line 13
[02-Jul-2026 06:37:51 UTC] PHP Notice:  Undefined index: name in D:\git_kraken\register_form\temp.php on line 13
[02-Jul-2026 06:37:51 UTC] PHP Notice:  Undefined index: name in D:\git_kraken\register_form\temp.php on line 13
[02-Jul-2026 06:37:51 UTC] PHP Notice:  Undefined index: name in D:\git_kraken\register_form\temp.php on line 13
[02-Jul-2026 06:37:51 UTC] PHP Notice:  Undefined index: name in D:\git_kraken\register_form\temp.php on line 13
[02-Jul-2026 06:37:51 UTC] PHP Notice:  Undefined index: name in D:\git_kraken\register_form\temp.php on line 13
[02-Jul-2026 06:37:51 UTC] PHP Notice:  Undefined index: name in D:\git_kraken\register_form\temp.php on line 13
[02-Jul-2026 06:37:51 UTC] PHP Notice:  Undefined index: name in D:\git_kraken\register_form\temp.php on line 13
[02-Jul-2026 06:37:51 UTC] PHP Notice:  Undefined index: name in D:\git_kraken\register_form\temp.php on line 13
[02-Jul-2026 06:37:51 UTC] PHP Notice:  Undefined index: name in D:\git_kraken\register_form\temp.php on line 13
[02-Jul-2026 07:51:17 UTC] PHP Fatal error:  Allowed memory size of 134217728 bytes exhausted (tried to allocate 12292269 bytes) in D:\git_kraken\register_form\admin\SimpleXLSXGen.php on line 1152
[02-Jul-2026 07:54:23 UTC] PHP Fatal error:  Allowed memory size of 134217728 bytes exhausted (tried to allocate 12292269 bytes) in D:\git_kraken\register_form\admin\SimpleXLSXGen.php on line 1152
[02-Jul-2026 08:09:11 UTC] PHP Notice:  Undefined index: update_date in D:\git_kraken\register_form\admin\master_renew_pillars.php on line 128
[02-Jul-2026 08:09:11 UTC] PHP Notice:  Undefined index: update_date in D:\git_kraken\register_form\admin\master_renew_pillars.php on line 128
[02-Jul-2026 08:09:11 UTC] PHP Notice:  Undefined index: update_date in D:\git_kraken\register_form\admin\master_renew_pillars.php on line 128
[02-Jul-2026 08:09:11 UTC] PHP Notice:  Undefined index: update_date in D:\git_kraken\register_form\admin\master_renew_pillars.php on line 128
[02-Jul-2026 08:09:14 UTC] PHP Notice:  Undefined index: update_date in D:\git_kraken\register_form\admin\master_renew_dates.php on line 145
[02-Jul-2026 08:09:14 UTC] PHP Notice:  Undefined index: update_date in D:\git_kraken\register_form\admin\master_renew_dates.php on line 145
[02-Jul-2026 08:09:14 UTC] PHP Notice:  Undefined index: update_date in D:\git_kraken\register_form\admin\master_renew_dates.php on line 145
[02-Jul-2026 08:09:14 UTC] PHP Notice:  Undefined index: update_date in D:\git_kraken\register_form\admin\master_renew_dates.php on line 145
[02-Jul-2026 08:09:14 UTC] PHP Notice:  Undefined index: update_date in D:\git_kraken\register_form\admin\master_renew_dates.php on line 145
[02-Jul-2026 08:09:14 UTC] PHP Notice:  Undefined index: update_date in D:\git_kraken\register_form\admin\master_renew_dates.php on line 145
[02-Jul-2026 08:09:14 UTC] PHP Notice:  Undefined index: update_date in D:\git_kraken\register_form\admin\master_renew_dates.php on line 145
[02-Jul-2026 08:09:14 UTC] PHP Notice:  Undefined index: update_date in D:\git_kraken\register_form\admin\master_renew_dates.php on line 145
[02-Jul-2026 08:09:14 UTC] PHP Notice:  Undefined index: update_date in D:\git_kraken\register_form\admin\master_renew_dates.php on line 145
[02-Jul-2026 08:09:14 UTC] PHP Notice:  Undefined index: update_date in D:\git_kraken\register_form\admin\master_renew_dates.php on line 145
[02-Jul-2026 08:09:14 UTC] PHP Notice:  Undefined index: update_date in D:\git_kraken\register_form\admin\master_renew_dates.php on line 145
[02-Jul-2026 08:09:14 UTC] PHP Notice:  Undefined index: update_date in D:\git_kraken\register_form\admin\master_renew_dates.php on line 145
[02-Jul-2026 08:09:14 UTC] PHP Notice:  Undefined index: update_date in D:\git_kraken\register_form\admin\master_renew_dates.php on line 145
[02-Jul-2026 08:09:14 UTC] PHP Notice:  Undefined index: update_date in D:\git_kraken\register_form\admin\master_renew_dates.php on line 145
[02-Jul-2026 08:09:14 UTC] PHP Notice:  Undefined index: update_date in D:\git_kraken\register_form\admin\master_renew_dates.php on line 145
[02-Jul-2026 08:09:14 UTC] PHP Notice:  Undefined index: update_date in D:\git_kraken\register_form\admin\master_renew_dates.php on line 145
[02-Jul-2026 08:09:14 UTC] PHP Notice:  Undefined index: update_date in D:\git_kraken\register_form\admin\master_renew_dates.php on line 145
[02-Jul-2026 08:09:14 UTC] PHP Notice:  Undefined index: update_date in D:\git_kraken\register_form\admin\master_renew_dates.php on line 145
[02-Jul-2026 08:09:22 UTC] PHP Notice:  Undefined index: update_date in D:\git_kraken\register_form\admin\master_renew_course.php on line 128
[02-Jul-2026 08:09:22 UTC] PHP Notice:  Undefined index: update_date in D:\git_kraken\register_form\admin\master_renew_course.php on line 128
[02-Jul-2026 08:09:22 UTC] PHP Notice:  Undefined index: update_date in D:\git_kraken\register_form\admin\master_renew_course.php on line 128
[02-Jul-2026 08:09:22 UTC] PHP Notice:  Undefined index: update_date in D:\git_kraken\register_form\admin\master_renew_course.php on line 128
[02-Jul-2026 08:09:22 UTC] PHP Notice:  Undefined index: update_date in D:\git_kraken\register_form\admin\master_renew_course.php on line 128
[02-Jul-2026 08:09:22 UTC] PHP Notice:  Undefined index: update_date in D:\git_kraken\register_form\admin\master_renew_course.php on line 128
[02-Jul-2026 08:09:22 UTC] PHP Notice:  Undefined index: update_date in D:\git_kraken\register_form\admin\master_renew_course.php on line 128
[02-Jul-2026 08:09:22 UTC] PHP Notice:  Undefined index: update_date in D:\git_kraken\register_form\admin\master_renew_course.php on line 128
[02-Jul-2026 08:09:22 UTC] PHP Notice:  Undefined index: update_date in D:\git_kraken\register_form\admin\master_renew_course.php on line 128
[02-Jul-2026 08:09:22 UTC] PHP Notice:  Undefined index: update_date in D:\git_kraken\register_form\admin\master_renew_course.php on line 128
[02-Jul-2026 08:09:22 UTC] PHP Notice:  Undefined index: update_date in D:\git_kraken\register_form\admin\master_renew_course.php on line 128
[02-Jul-2026 08:09:22 UTC] PHP Notice:  Undefined index: update_date in D:\git_kraken\register_form\admin\master_renew_course.php on line 128
[02-Jul-2026 08:09:22 UTC] PHP Notice:  Undefined index: update_date in D:\git_kraken\register_form\admin\master_renew_course.php on line 128
[02-Jul-2026 08:09:22 UTC] PHP Notice:  Undefined index: update_date in D:\git_kraken\register_form\admin\master_renew_course.php on line 128
[02-Jul-2026 08:09:22 UTC] PHP Notice:  Undefined index: update_date in D:\git_kraken\register_form\admin\master_renew_course.php on line 128
[02-Jul-2026 08:09:22 UTC] PHP Notice:  Undefined index: update_date in D:\git_kraken\register_form\admin\master_renew_course.php on line 128
[02-Jul-2026 08:09:22 UTC] PHP Notice:  Undefined index: update_date in D:\git_kraken\register_form\admin\master_renew_course.php on line 128
[02-Jul-2026 08:37:02 UTC] PHP Warning:  require_once(../appconfig.php): failed to open stream: No such file or directory in D:\git_kraken\register_form\admin\migrate_locations.php on line 3
[02-Jul-2026 08:37:02 UTC] PHP Fatal error:  require_once(): Failed opening required '../appconfig.php' (include_path='.;C:\php\pear') in D:\git_kraken\register_form\admin\migrate_locations.php on line 3
