[30-Jun-2026 04:31:29 UTC] [JSON Error] Session timeout. กรุณากลับไปเริ่มใหม่
[30-Jun-2026 06:58:06 UTC] PHP Warning:  mysqli::__construct(): The server requested authentication method unknown to the client [caching_sha2_password] in D:\git_kraken\register_form\index.php on line 11
[30-Jun-2026 06:58:06 UTC] PHP Warning:  mysqli::__construct(): (HY000/2054): The server requested authentication method unknown to the client in D:\git_kraken\register_form\index.php on line 11
[30-Jun-2026 06:58:06 UTC] PHP Warning:  mysqli::set_charset(): Couldn't fetch mysqli in D:\git_kraken\register_form\index.php on line 12
[30-Jun-2026 06:58:06 UTC] PHP Warning:  mysqli::query(): Couldn't fetch mysqli in D:\git_kraken\register_form\index.php on line 33
[30-Jun-2026 06:58:06 UTC] PHP Warning:  mysqli::query(): Couldn't fetch mysqli in D:\git_kraken\register_form\index.php on line 54
[30-Jun-2026 06:58:06 UTC] PHP Warning:  mysqli::query(): Couldn't fetch mysqli in D:\git_kraken\register_form\index.php on line 16
[30-Jun-2026 06:58:06 UTC] PHP Warning:  mysqli::query(): Couldn't fetch mysqli in D:\git_kraken\register_form\index.php on line 16
[30-Jun-2026 06:58:06 UTC] PHP Warning:  mysqli::query(): Couldn't fetch mysqli in D:\git_kraken\register_form\index.php on line 16
[30-Jun-2026 06:58:06 UTC] PHP Warning:  mysqli::query(): Couldn't fetch mysqli in D:\git_kraken\register_form\index.php on line 16
[30-Jun-2026 06:58:06 UTC] PHP Warning:  mysqli::query(): Couldn't fetch mysqli in D:\git_kraken\register_form\index.php on line 16
[30-Jun-2026 06:58:28 UTC] PHP Warning:  mysqli::__construct(): The server requested authentication method unknown to the client [caching_sha2_password] in D:\git_kraken\register_form\admin\trainees.php on line 5
[30-Jun-2026 06:58:28 UTC] PHP Warning:  mysqli::__construct(): (HY000/2054): The server requested authentication method unknown to the client in D:\git_kraken\register_form\admin\trainees.php on line 5
[30-Jun-2026 07:08:49 UTC] PHP Notice:  Undefined index: update_date in D:\git_kraken\register_form\admin\master_renew_pillars.php on line 128
[30-Jun-2026 07:08:49 UTC] PHP Notice:  Undefined index: update_date in D:\git_kraken\register_form\admin\master_renew_pillars.php on line 128
[30-Jun-2026 07:08:49 UTC] PHP Notice:  Undefined index: update_date in D:\git_kraken\register_form\admin\master_renew_pillars.php on line 128
[30-Jun-2026 07:08:49 UTC] PHP Notice:  Undefined index: update_date in D:\git_kraken\register_form\admin\master_renew_pillars.php on line 128
[30-Jun-2026 07:08:56 UTC] PHP Notice:  Undefined index: update_date in D:\git_kraken\register_form\admin\master_renew_dates.php on line 145
[30-Jun-2026 07:08:56 UTC] PHP Notice:  Undefined index: update_date in D:\git_kraken\register_form\admin\master_renew_dates.php on line 145
[30-Jun-2026 07:08:56 UTC] PHP Notice:  Undefined index: update_date in D:\git_kraken\register_form\admin\master_renew_dates.php on line 145
[30-Jun-2026 07:08:56 UTC] PHP Notice:  Undefined index: update_date in D:\git_kraken\register_form\admin\master_renew_dates.php on line 145
[30-Jun-2026 07:08:56 UTC] PHP Notice:  Undefined index: update_date in D:\git_kraken\register_form\admin\master_renew_dates.php on line 145
[30-Jun-2026 07:08:56 UTC] PHP Notice:  Undefined index: update_date in D:\git_kraken\register_form\admin\master_renew_dates.php on line 145
[30-Jun-2026 07:08:56 UTC] PHP Notice:  Undefined index: update_date in D:\git_kraken\register_form\admin\master_renew_dates.php on line 145
[30-Jun-2026 07:08:56 UTC] PHP Notice:  Undefined index: update_date in D:\git_kraken\register_form\admin\master_renew_dates.php on line 145
[30-Jun-2026 07:08:56 UTC] PHP Notice:  Undefined index: update_date in D:\git_kraken\register_form\admin\master_renew_dates.php on line 145
[30-Jun-2026 07:08:56 UTC] PHP Notice:  Undefined index: update_date in D:\git_kraken\register_form\admin\master_renew_dates.php on line 145
[30-Jun-2026 07:08:56 UTC] PHP Notice:  Undefined index: update_date in D:\git_kraken\register_form\admin\master_renew_dates.php on line 145
[30-Jun-2026 07:08:56 UTC] PHP Notice:  Undefined index: update_date in D:\git_kraken\register_form\admin\master_renew_dates.php on line 145
[30-Jun-2026 07:08:56 UTC] PHP Notice:  Undefined index: update_date in D:\git_kraken\register_form\admin\master_renew_dates.php on line 145
[30-Jun-2026 07:08:56 UTC] PHP Notice:  Undefined index: update_date in D:\git_kraken\register_form\admin\master_renew_dates.php on line 145
[30-Jun-2026 07:08:56 UTC] PHP Notice:  Undefined index: update_date in D:\git_kraken\register_form\admin\master_renew_dates.php on line 145
[30-Jun-2026 07:08:56 UTC] PHP Notice:  Undefined index: update_date in D:\git_kraken\register_form\admin\master_renew_dates.php on line 145
[30-Jun-2026 07:08:56 UTC] PHP Notice:  Undefined index: update_date in D:\git_kraken\register_form\admin\master_renew_dates.php on line 145
[30-Jun-2026 07:08:56 UTC] PHP Notice:  Undefined index: update_date in D:\git_kraken\register_form\admin\master_renew_dates.php on line 145
[30-Jun-2026 07:10:13 UTC] PHP Notice:  Undefined index: update_date in D:\git_kraken\register_form\admin\master_renew_course.php on line 128
[30-Jun-2026 07:10:13 UTC] PHP Notice:  Undefined index: update_date in D:\git_kraken\register_form\admin\master_renew_course.php on line 128
[30-Jun-2026 07:10:13 UTC] PHP Notice:  Undefined index: update_date in D:\git_kraken\register_form\admin\master_renew_course.php on line 128
[30-Jun-2026 07:10:13 UTC] PHP Notice:  Undefined index: update_date in D:\git_kraken\register_form\admin\master_renew_course.php on line 128
[30-Jun-2026 07:10:13 UTC] PHP Notice:  Undefined index: update_date in D:\git_kraken\register_form\admin\master_renew_course.php on line 128
[30-Jun-2026 07:10:13 UTC] PHP Notice:  Undefined index: update_date in D:\git_kraken\register_form\admin\master_renew_course.php on line 128
[30-Jun-2026 07:10:13 UTC] PHP Notice:  Undefined index: update_date in D:\git_kraken\register_form\admin\master_renew_course.php on line 128
[30-Jun-2026 07:10:13 UTC] PHP Notice:  Undefined index: update_date in D:\git_kraken\register_form\admin\master_renew_course.php on line 128
[30-Jun-2026 07:10:13 UTC] PHP Notice:  Undefined index: update_date in D:\git_kraken\register_form\admin\master_renew_course.php on line 128
[30-Jun-2026 07:10:13 UTC] PHP Notice:  Undefined index: update_date in D:\git_kraken\register_form\admin\master_renew_course.php on line 128
[30-Jun-2026 07:10:13 UTC] PHP Notice:  Undefined index: update_date in D:\git_kraken\register_form\admin\master_renew_course.php on line 128
[30-Jun-2026 07:10:13 UTC] PHP Notice:  Undefined index: update_date in D:\git_kraken\register_form\admin\master_renew_course.php on line 128
[30-Jun-2026 07:10:13 UTC] PHP Notice:  Undefined index: update_date in D:\git_kraken\register_form\admin\master_renew_course.php on line 128
[30-Jun-2026 07:10:13 UTC] PHP Notice:  Undefined index: update_date in D:\git_kraken\register_form\admin\master_renew_course.php on line 128
[30-Jun-2026 07:10:13 UTC] PHP Notice:  Undefined index: update_date in D:\git_kraken\register_form\admin\master_renew_course.php on line 128
[30-Jun-2026 07:10:13 UTC] PHP Notice:  Undefined index: update_date in D:\git_kraken\register_form\admin\master_renew_course.php on line 128
[30-Jun-2026 07:10:13 UTC] PHP Notice:  Undefined index: update_date in D:\git_kraken\register_form\admin\master_renew_course.php on line 128
[30-Jun-2026 08:16:24 UTC] PHP Fatal error:  Uncaught Error: Call to a member function fetch_assoc() on bool in D:\git_kraken\register_form\temp.php:22
Stack trace:
#0 {main}
  thrown in D:\git_kraken\register_form\temp.php on line 22
